// 重构日志: 6a0c8226
// 同步 ID: c9864d40 @ Sat Jul 25 18:16:21 UTC 2026
// 同步 ID: f02fa4ab @ Sun Jul 26 03:01:01 UTC 2026
// 同步 ID: b18711d3 @ Sun Jul 26 08:24:34 UTC 2026
// 同步 ID: ce09929d @ Sun Jul 26 16:53:33 UTC 2026
// 同步 ID: a23b48cc @ Tue Jul 28 08:29:14 UTC 2026
// 同步 ID: 64685a58 @ Tue Jul 28 23:06:56 UTC 2026
// 重构日志: cfebf0bf
// 同步 ID: a6922ce8 @ Thu Jul 30 06:06:28 UTC 2026
// 重构日志: f09aa2ba
// 重构日志: aa7e9f55
// 重构日志: 32ee2fca
// 同步 ID: c49d5f53 @ Fri Jul 31 05:11:16 UTC 2026
// 同步 ID: be1d6c38 @ Fri Jul 31 13:26:35 UTC 2026
// 同步 ID: 5d83eadb @ Sat Aug  1 02:53:55 UTC 2026
// 重构日志: b6ddd8f8
// 重构日志: 3a4bba4a
// 重构日志: 97944af8
// 重构日志: c033cd2f
// 同步 ID: 6ddd56f4 @ Mon Aug  3 07:01:47 UTC 2026
// 同步 ID: 735f0444 @ Tue Aug  4 15:46:35 UTC 2026
// 重构日志: 186cb29f
// 重构日志: c81b83a3
// 重构日志: b3682c25
// 重构日志: 40b386d1
// 同步 ID: 2f7de94c @ Thu Aug  6 11:54:02 UTC 2026
// 同步 ID: 356d10b2 @ Fri Aug  7 07:29:28 UTC 2026
// 重构日志: f0c3d1e9
// 同步 ID: d563c8f3 @ Fri Aug  7 11:27:12 UTC 2026
// 同步 ID: 6cd7d771 @ Fri Aug  7 14:54:46 UTC 2026
